# serializer version: 1
# name: test_cookiecutter
  list([
    'v',
    'v/latest',
    'v/latest/.sitemap-marker.json',
    'v/latest/apple-touch-icon-114x114.png',
    'v/latest/apple-touch-icon-120x120.png',
    'v/latest/apple-touch-icon-144x144.png',
    'v/latest/apple-touch-icon-152x152.png',
    'v/latest/apple-touch-icon-167x167.png',
    'v/latest/apple-touch-icon-180x180.png',
    'v/latest/apple-touch-icon-57x57.png',
    'v/latest/apple-touch-icon-60x60.png',
    'v/latest/apple-touch-icon-72x72.png',
    'v/latest/apple-touch-icon-76x76.png',
    'v/latest/favicon-16x16.png',
    'v/latest/favicon-180x180.png',
    'v/latest/favicon-196x196.png',
    'v/latest/favicon-32x32.png',
    'v/latest/favicon-64x64.png',
    'v/latest/favicon-96x96.png',
    'v/latest/favicon.ico',
    'v/latest/icon.png',
    'v/latest/index.css',
    'v/latest/index.html',
    'v/latest/index.js',
    'v/latest/mstile-270x270.png',
    'v/latest/mstile-310x150.png',
    'v/latest/mstile-310x310.png',
    'v/latest/mstile-70x70.png',
    'v/latest/textures.css',
  ])
# ---
