# serializer version: 1
# name: test_list_directory
  list([
    'v',
    'v/latest',
    'v/latest/main',
    'v/latest/main/dist',
    'v/latest/main/dist/hexdoc_mod-1.0.0.1.0.dev0-py3-none-any.whl',
    'v/latest/main/dist/hexdoc_mod-1.0.0.1.0.dev0.tar.gz',
    'v/latest/main/en_us',
    'v/latest/main/en_us/.sitemap-marker.json',
    'v/latest/main/en_us/apple-touch-icon-114x114.png',
    'v/latest/main/en_us/apple-touch-icon-120x120.png',
    'v/latest/main/en_us/apple-touch-icon-144x144.png',
    'v/latest/main/en_us/apple-touch-icon-152x152.png',
    'v/latest/main/en_us/apple-touch-icon-167x167.png',
    'v/latest/main/en_us/apple-touch-icon-180x180.png',
    'v/latest/main/en_us/apple-touch-icon-57x57.png',
    'v/latest/main/en_us/apple-touch-icon-60x60.png',
    'v/latest/main/en_us/apple-touch-icon-72x72.png',
    'v/latest/main/en_us/apple-touch-icon-76x76.png',
    'v/latest/main/en_us/bar',
    'v/latest/main/en_us/bar/index.html',
    'v/latest/main/en_us/basics',
    'v/latest/main/en_us/basics/index.html',
    'v/latest/main/en_us/baz',
    'v/latest/main/en_us/baz/index.html',
    'v/latest/main/en_us/casting',
    'v/latest/main/en_us/casting/index.html',
    'v/latest/main/en_us/favicon-16x16.png',
    'v/latest/main/en_us/favicon-180x180.png',
    'v/latest/main/en_us/favicon-196x196.png',
    'v/latest/main/en_us/favicon-32x32.png',
    'v/latest/main/en_us/favicon-64x64.png',
    'v/latest/main/en_us/favicon-96x96.png',
    'v/latest/main/en_us/favicon.ico',
    'v/latest/main/en_us/foo',
    'v/latest/main/en_us/foo/index.html',
    'v/latest/main/en_us/greatwork',
    'v/latest/main/en_us/greatwork/index.html',
    'v/latest/main/en_us/hexcasting.js',
    'v/latest/main/en_us/hexcasting_render.js',
    'v/latest/main/en_us/icon.png',
    'v/latest/main/en_us/index.css',
    'v/latest/main/en_us/index.html',
    'v/latest/main/en_us/index.js',
    'v/latest/main/en_us/interop',
    'v/latest/main/en_us/interop/index.html',
    'v/latest/main/en_us/items',
    'v/latest/main/en_us/items/index.html',
    'v/latest/main/en_us/lore',
    'v/latest/main/en_us/lore/index.html',
    'v/latest/main/en_us/mstile-270x270.png',
    'v/latest/main/en_us/mstile-310x150.png',
    'v/latest/main/en_us/mstile-310x310.png',
    'v/latest/main/en_us/mstile-70x70.png',
    'v/latest/main/en_us/patterns',
    'v/latest/main/en_us/patterns/great_spells',
    'v/latest/main/en_us/patterns/great_spells/index.html',
    'v/latest/main/en_us/patterns/index.html',
    'v/latest/main/en_us/patterns/spells',
    'v/latest/main/en_us/patterns/spells/index.html',
    'v/latest/main/en_us/textures.css',
  ])
# ---
