# serializer version: 1
# name: test_list_directory
  list([
    'v',
    'v/latest',
    'v/latest/main',
    'v/latest/main/dist',
    'v/latest/main/dist/hexdoc_mod-1.0.0.1.0.dev0-py3-none-any.whl',
    'v/latest/main/dist/hexdoc_mod-1.0.0.1.0.dev0.tar.gz',
    'v/latest/main/en_us',
    'v/latest/main/en_us/.sitemap-marker.json',
    'v/latest/main/en_us/apple-touch-icon-114x114.png',
    'v/latest/main/en_us/apple-touch-icon-120x120.png',
    'v/latest/main/en_us/apple-touch-icon-144x144.png',
    'v/latest/main/en_us/apple-touch-icon-152x152.png',
    'v/latest/main/en_us/apple-touch-icon-167x167.png',
    'v/latest/main/en_us/apple-touch-icon-180x180.png',
    'v/latest/main/en_us/apple-touch-icon-57x57.png',
    'v/latest/main/en_us/apple-touch-icon-60x60.png',
    'v/latest/main/en_us/apple-touch-icon-72x72.png',
    'v/latest/main/en_us/apple-touch-icon-76x76.png',
    'v/latest/main/en_us/bar',
    'v/latest/main/en_us/bar/index.html',
    'v/latest/main/en_us/basics',
    'v/latest/main/en_us/basics/index.html',
    'v/latest/main/en_us/baz',
    'v/latest/main/en_us/baz/index.html',
    'v/latest/main/en_us/casting',
    'v/latest/main/en_us/casting/index.html',
    'v/latest/main/en_us/favicon-16x16.png',
    'v/latest/main/en_us/favicon-180x180.png',
    'v/latest/main/en_us/favicon-196x196.png',
    'v/latest/main/en_us/favicon-32x32.png',
    'v/latest/main/en_us/favicon-64x64.png',
    'v/latest/main/en_us/favicon-96x96.png',
    'v/latest/main/en_us/favicon.ico',
    'v/latest/main/en_us/foo',
    'v/latest/main/en_us/foo/index.html',
    'v/latest/main/en_us/greatwork',
    'v/latest/main/en_us/greatwork/index.html',
    'v/latest/main/en_us/hexcasting.js',
    'v/latest/main/en_us/hexcasting_render.js',
    'v/latest/main/en_us/icon.png',
    'v/latest/main/en_us/index.css',
    'v/latest/main/en_us/index.html',
    'v/latest/main/en_us/index.js',
    'v/latest/main/en_us/interop',
    'v/latest/main/en_us/interop/index.html',
    'v/latest/main/en_us/items',
    'v/latest/main/en_us/items/index.html',
    'v/latest/main/en_us/lore',
    'v/latest/main/en_us/lore/index.html',
    'v/latest/main/en_us/mstile-270x270.png',
    'v/latest/main/en_us/mstile-310x150.png',
    'v/latest/main/en_us/mstile-310x310.png',
    'v/latest/main/en_us/mstile-70x70.png',
    'v/latest/main/en_us/patterns',
    'v/latest/main/en_us/patterns/great_spells',
    'v/latest/main/en_us/patterns/great_spells/index.html',
    'v/latest/main/en_us/patterns/index.html',
    'v/latest/main/en_us/patterns/spells',
    'v/latest/main/en_us/patterns/spells/index.html',
    'v/latest/main/renders',
    'v/latest/main/renders/farmersdelight',
    'v/latest/main/renders/farmersdelight/item',
    'v/latest/main/renders/farmersdelight/item/skillet.png',
    'v/latest/main/renders/hexcasting',
    'v/latest/main/renders/hexcasting/block',
    'v/latest/main/renders/hexcasting/block/quenched_allay_0.png',
    'v/latest/main/renders/hexcasting/item',
    'v/latest/main/renders/hexcasting/item/abacus.png',
    'v/latest/main/renders/hexcasting/item/akashic_bookshelf.png',
    'v/latest/main/renders/hexcasting/item/akashic_connector.png',
    'v/latest/main/renders/hexcasting/item/akashic_record.png',
    'v/latest/main/renders/hexcasting/item/amethyst_dust.png',
    'v/latest/main/renders/hexcasting/item/amethyst_dust_block.png',
    'v/latest/main/renders/hexcasting/item/amethyst_sconce.png',
    'v/latest/main/renders/hexcasting/item/amethyst_tiles.png',
    'v/latest/main/renders/hexcasting/item/ancient_scroll_paper.png',
    'v/latest/main/renders/hexcasting/item/ancient_scroll_paper_lantern.png',
    'v/latest/main/renders/hexcasting/item/artifact.png',
    'v/latest/main/renders/hexcasting/item/charged_amethyst.png',
    'v/latest/main/renders/hexcasting/item/cypher.png',
    'v/latest/main/renders/hexcasting/item/default_colorizer.gif',
    'v/latest/main/renders/hexcasting/item/directrix',
    'v/latest/main/renders/hexcasting/item/directrix/boolean.png',
    'v/latest/main/renders/hexcasting/item/directrix/empty.png',
    'v/latest/main/renders/hexcasting/item/directrix/redstone.png',
    'v/latest/main/renders/hexcasting/item/dye_colorizer_blue.gif',
    'v/latest/main/renders/hexcasting/item/dye_colorizer_brown.gif',
    'v/latest/main/renders/hexcasting/item/dye_colorizer_cyan.gif',
    'v/latest/main/renders/hexcasting/item/dye_colorizer_gray.gif',
    'v/latest/main/renders/hexcasting/item/dye_colorizer_green.gif',
    'v/latest/main/renders/hexcasting/item/dye_colorizer_light_blue.gif',
    'v/latest/main/renders/hexcasting/item/dye_colorizer_light_gray.gif',
    'v/latest/main/renders/hexcasting/item/dye_colorizer_lime.gif',
    'v/latest/main/renders/hexcasting/item/dye_colorizer_magenta.gif',
    'v/latest/main/renders/hexcasting/item/dye_colorizer_orange.gif',
    'v/latest/main/renders/hexcasting/item/dye_colorizer_pink.gif',
    'v/latest/main/renders/hexcasting/item/dye_colorizer_purple.gif',
    'v/latest/main/renders/hexcasting/item/dye_colorizer_red.gif',
    'v/latest/main/renders/hexcasting/item/dye_colorizer_white.gif',
    'v/latest/main/renders/hexcasting/item/dye_colorizer_yellow.gif',
    'v/latest/main/renders/hexcasting/item/edified_button.png',
    'v/latest/main/renders/hexcasting/item/edified_door.png',
    'v/latest/main/renders/hexcasting/item/edified_log.png',
    'v/latest/main/renders/hexcasting/item/edified_log_amethyst.png',
    'v/latest/main/renders/hexcasting/item/edified_log_aventurine.png',
    'v/latest/main/renders/hexcasting/item/edified_log_citrine.png',
    'v/latest/main/renders/hexcasting/item/edified_log_purple.png',
    'v/latest/main/renders/hexcasting/item/edified_panel.png',
    'v/latest/main/renders/hexcasting/item/edified_planks.png',
    'v/latest/main/renders/hexcasting/item/edified_pressure_plate.png',
    'v/latest/main/renders/hexcasting/item/edified_slab.png',
    'v/latest/main/renders/hexcasting/item/edified_stairs.png',
    'v/latest/main/renders/hexcasting/item/edified_tile.png',
    'v/latest/main/renders/hexcasting/item/edified_trapdoor.png',
    'v/latest/main/renders/hexcasting/item/edified_wood.png',
    'v/latest/main/renders/hexcasting/item/focus.png',
    'v/latest/main/renders/hexcasting/item/impetus',
    'v/latest/main/renders/hexcasting/item/impetus/empty.png',
    'v/latest/main/renders/hexcasting/item/impetus/look.png',
    'v/latest/main/renders/hexcasting/item/impetus/redstone.png',
    'v/latest/main/renders/hexcasting/item/impetus/rightclick.png',
    'v/latest/main/renders/hexcasting/item/jeweler_hammer.png',
    'v/latest/main/renders/hexcasting/item/lens.png',
    'v/latest/main/renders/hexcasting/item/lore_fragment.png',
    'v/latest/main/renders/hexcasting/item/phial_small_0.png',
    'v/latest/main/renders/hexcasting/item/pride_colorizer_agender.gif',
    'v/latest/main/renders/hexcasting/item/pride_colorizer_aroace.gif',
    'v/latest/main/renders/hexcasting/item/pride_colorizer_aromantic.gif',
    'v/latest/main/renders/hexcasting/item/pride_colorizer_asexual.gif',
    'v/latest/main/renders/hexcasting/item/pride_colorizer_bisexual.gif',
    'v/latest/main/renders/hexcasting/item/pride_colorizer_demiboy.gif',
    'v/latest/main/renders/hexcasting/item/pride_colorizer_demigirl.gif',
    'v/latest/main/renders/hexcasting/item/pride_colorizer_gay.gif',
    'v/latest/main/renders/hexcasting/item/pride_colorizer_genderfluid.gif',
    'v/latest/main/renders/hexcasting/item/pride_colorizer_genderqueer.gif',
    'v/latest/main/renders/hexcasting/item/pride_colorizer_intersex.gif',
    'v/latest/main/renders/hexcasting/item/pride_colorizer_lesbian.gif',
    'v/latest/main/renders/hexcasting/item/pride_colorizer_nonbinary.gif',
    'v/latest/main/renders/hexcasting/item/pride_colorizer_pansexual.gif',
    'v/latest/main/renders/hexcasting/item/pride_colorizer_plural.gif',
    'v/latest/main/renders/hexcasting/item/pride_colorizer_transgender.gif',
    'v/latest/main/renders/hexcasting/item/quenched_shard_0.png',
    'v/latest/main/renders/hexcasting/item/scroll_paper.png',
    'v/latest/main/renders/hexcasting/item/scroll_paper_lantern.png',
    'v/latest/main/renders/hexcasting/item/scroll_pristine_large.png',
    'v/latest/main/renders/hexcasting/item/scroll_pristine_medium.png',
    'v/latest/main/renders/hexcasting/item/scroll_pristine_small.png',
    'v/latest/main/renders/hexcasting/item/slate_blank.png',
    'v/latest/main/renders/hexcasting/item/slate_block.png',
    'v/latest/main/renders/hexcasting/item/spellbook.png',
    'v/latest/main/renders/hexcasting/item/staff',
    'v/latest/main/renders/hexcasting/item/staff/acacia.png',
    'v/latest/main/renders/hexcasting/item/staff/birch.png',
    'v/latest/main/renders/hexcasting/item/staff/crimson.png',
    'v/latest/main/renders/hexcasting/item/staff/dark_oak.png',
    'v/latest/main/renders/hexcasting/item/staff/edified.png',
    'v/latest/main/renders/hexcasting/item/staff/jungle.png',
    'v/latest/main/renders/hexcasting/item/staff/mangrove.png',
    'v/latest/main/renders/hexcasting/item/staff/mindsplice.png',
    'v/latest/main/renders/hexcasting/item/staff/oak.png',
    'v/latest/main/renders/hexcasting/item/staff/quenched_0.png',
    'v/latest/main/renders/hexcasting/item/staff/spruce.png',
    'v/latest/main/renders/hexcasting/item/staff/warped.png',
    'v/latest/main/renders/hexcasting/item/stripped_edified_log.png',
    'v/latest/main/renders/hexcasting/item/stripped_edified_wood.png',
    'v/latest/main/renders/hexcasting/item/thought_knot.png',
    'v/latest/main/renders/hexcasting/item/trinket.png',
    'v/latest/main/renders/hexcasting/item/uuid_colorizer.gif',
    'v/latest/main/renders/hexcasting/textures',
    'v/latest/main/renders/hexcasting/textures/gui',
    'v/latest/main/renders/hexcasting/textures/gui/entries',
    'v/latest/main/renders/hexcasting/textures/gui/entries/spell_circle.png',
    'v/latest/main/renders/hexdoc',
    'v/latest/main/renders/hexdoc/textures',
    'v/latest/main/renders/hexdoc/textures/item',
    'v/latest/main/renders/hexdoc/textures/item/tag.png',
    'v/latest/main/renders/minecraft',
    'v/latest/main/renders/minecraft/item',
    'v/latest/main/renders/minecraft/item/acacia_planks.png',
    'v/latest/main/renders/minecraft/item/amethyst_block.png',
    'v/latest/main/renders/minecraft/item/amethyst_shard.png',
    'v/latest/main/renders/minecraft/item/arrow.png',
    'v/latest/main/renders/minecraft/item/azalea.png',
    'v/latest/main/renders/minecraft/item/beacon.png',
    'v/latest/main/renders/minecraft/item/bedrock.png',
    'v/latest/main/renders/minecraft/item/birch_planks.png',
    'v/latest/main/renders/minecraft/item/blaze_rod.png',
    'v/latest/main/renders/minecraft/item/blue_dye.png',
    'v/latest/main/renders/minecraft/item/book.png',
    'v/latest/main/renders/minecraft/item/bookshelf.png',
    'v/latest/main/renders/minecraft/item/bread.png',
    'v/latest/main/renders/minecraft/item/brown_dye.png',
    'v/latest/main/renders/minecraft/item/budding_amethyst.png',
    'v/latest/main/renders/minecraft/item/bundle.png',
    'v/latest/main/renders/minecraft/item/carrot.png',
    'v/latest/main/renders/minecraft/item/chain.png',
    'v/latest/main/renders/minecraft/item/chorus_fruit.png',
    'v/latest/main/renders/minecraft/item/cobblestone.png',
    'v/latest/main/renders/minecraft/item/comparator.png',
    'v/latest/main/renders/minecraft/item/copper_ingot.png',
    'v/latest/main/renders/minecraft/item/crimson_planks.png',
    'v/latest/main/renders/minecraft/item/cyan_dye.png',
    'v/latest/main/renders/minecraft/item/dark_oak_planks.png',
    'v/latest/main/renders/minecraft/item/deepslate.png',
    'v/latest/main/renders/minecraft/item/egg.png',
    'v/latest/main/renders/minecraft/item/elytra.png',
    'v/latest/main/renders/minecraft/item/emerald.png',
    'v/latest/main/renders/minecraft/item/ender_pearl.png',
    'v/latest/main/renders/minecraft/item/feather.png',
    'v/latest/main/renders/minecraft/item/flint_and_steel.png',
    'v/latest/main/renders/minecraft/item/glass.png',
    'v/latest/main/renders/minecraft/item/glass_bottle.png',
    'v/latest/main/renders/minecraft/item/glowstone_dust.png',
    'v/latest/main/renders/minecraft/item/gold_ingot.png',
    'v/latest/main/renders/minecraft/item/gold_nugget.png',
    'v/latest/main/renders/minecraft/item/gray_dye.png',
    'v/latest/main/renders/minecraft/item/green_dye.png',
    'v/latest/main/renders/minecraft/item/honeycomb.png',
    'v/latest/main/renders/minecraft/item/iron_bars.png',
    'v/latest/main/renders/minecraft/item/iron_ingot.png',
    'v/latest/main/renders/minecraft/item/iron_nugget.png',
    'v/latest/main/renders/minecraft/item/item_frame.png',
    'v/latest/main/renders/minecraft/item/jungle_planks.png',
    'v/latest/main/renders/minecraft/item/knowledge_book.png',
    'v/latest/main/renders/minecraft/item/lava_bucket.png',
    'v/latest/main/renders/minecraft/item/leather.png',
    'v/latest/main/renders/minecraft/item/light_blue_dye.png',
    'v/latest/main/renders/minecraft/item/light_gray_dye.png',
    'v/latest/main/renders/minecraft/item/lime_dye.png',
    'v/latest/main/renders/minecraft/item/lodestone.png',
    'v/latest/main/renders/minecraft/item/magenta_dye.png',
    'v/latest/main/renders/minecraft/item/mangrove_planks.png',
    'v/latest/main/renders/minecraft/item/moss_block.png',
    'v/latest/main/renders/minecraft/item/music_disc_11.png',
    'v/latest/main/renders/minecraft/item/name_tag.png',
    'v/latest/main/renders/minecraft/item/nether_star.png',
    'v/latest/main/renders/minecraft/item/oak_planks.png',
    'v/latest/main/renders/minecraft/item/oak_sign.png',
    'v/latest/main/renders/minecraft/item/observer.png',
    'v/latest/main/renders/minecraft/item/orange_dye.png',
    'v/latest/main/renders/minecraft/item/paper.png',
    'v/latest/main/renders/minecraft/item/pig_spawn_egg.png',
    'v/latest/main/renders/minecraft/item/pink_dye.png',
    'v/latest/main/renders/minecraft/item/piston.png',
    'v/latest/main/renders/minecraft/item/potion.png',
    'v/latest/main/renders/minecraft/item/purple_candle.png',
    'v/latest/main/renders/minecraft/item/purple_dye.png',
    'v/latest/main/renders/minecraft/item/purpur_block.png',
    'v/latest/main/renders/minecraft/item/quartz.png',
    'v/latest/main/renders/minecraft/item/raw_copper.png',
    'v/latest/main/renders/minecraft/item/raw_iron.png',
    'v/latest/main/renders/minecraft/item/red_dye.png',
    'v/latest/main/renders/minecraft/item/red_mushroom.png',
    'v/latest/main/renders/minecraft/item/repeater.png',
    'v/latest/main/renders/minecraft/item/shulker_box.png',
    'v/latest/main/renders/minecraft/item/skeleton_skull.png',
    'v/latest/main/renders/minecraft/item/spruce_planks.png',
    'v/latest/main/renders/minecraft/item/spyglass.png',
    'v/latest/main/renders/minecraft/item/stick.png',
    'v/latest/main/renders/minecraft/item/stone_brick_wall.png',
    'v/latest/main/renders/minecraft/item/string.png',
    'v/latest/main/renders/minecraft/item/torch.png',
    'v/latest/main/renders/minecraft/item/warped_planks.png',
    'v/latest/main/renders/minecraft/item/water_bucket.png',
    'v/latest/main/renders/minecraft/item/wheat.png',
    'v/latest/main/renders/minecraft/item/wheat_seeds.png',
    'v/latest/main/renders/minecraft/item/white_dye.png',
    'v/latest/main/renders/minecraft/item/wither_skeleton_skull.png',
    'v/latest/main/renders/minecraft/item/wooden_pickaxe.png',
    'v/latest/main/renders/minecraft/item/writable_book.png',
    'v/latest/main/renders/minecraft/item/yellow_dye.png',
    'v/latest/main/renders/minecraft/textures',
    'v/latest/main/renders/minecraft/textures/entities',
    'v/latest/main/renders/minecraft/textures/entities/allay.png',
    'v/latest/main/renders/minecraft/textures/entities/villagers',
    'v/latest/main/renders/minecraft/textures/entities/villagers/cleric.png',
    'v/latest/main/renders/minecraft/textures/entities/villagers/librarian.png',
    'v/latest/main/renders/minecraft/textures/entities/villagers/mason.png',
    'v/latest/main/renders/minecraft/textures/entities/villagers/none.png',
    'v/latest/main/renders/minecraft/textures/entities/villagers/toolsmith.png',
    'v/latest/main/renders/minecraft/textures/gui',
    'v/latest/main/renders/minecraft/textures/gui/hexdoc',
    'v/latest/main/renders/minecraft/textures/gui/hexdoc/crafting_table.png',
    'v/latest/main/renders/minecraft/textures/item',
    'v/latest/main/renders/minecraft/textures/item/enchanted_book.png',
    'v/latest/main/renders/minecraft/textures/mob_effect',
    'v/latest/main/renders/minecraft/textures/mob_effect/blindness.png',
    'v/latest/main/renders/minecraft/textures/mob_effect/conduit_power.png',
    'v/latest/main/renders/minecraft/textures/mob_effect/levitation.png',
    'v/latest/main/renders/minecraft/textures/mob_effect/nausea.png',
    'v/latest/main/renders/minecraft/textures/mob_effect/poison.png',
  ])
# ---
